2026-09-29 22:52:01 [ERROR]: [GET] /api/notifications - Undefined value encountered in nested relation 'Notification.user' of a where condition. All properties of the nested object are undefined. Set 'invalidWhereValuesBehavior.undefined' to 'ignore' in connection options to skip properties with undefined values.
2026-09-30 13:40:43 [ERROR]: [POST] /api/auth/register - TypeInfo not known for "AuthController"
2026-09-30 13:40:43 [ERROR]: [POST] /api/auth/login - TypeInfo not known for "AuthController"
2026-09-30 13:40:43 [ERROR]: [POST] /api/auth/register - TypeInfo not known for "AuthController"
2026-09-30 13:40:43 [ERROR]: [POST] /api/auth/login - TypeInfo not known for "AuthController"
2026-09-30 13:40:43 [ERROR]: [POST] /api/auth/register - TypeInfo not known for "AuthController"
2026-09-30 13:40:43 [ERROR]: [POST] /api/auth/register - TypeInfo not known for "AuthController"
2026-09-30 13:40:43 [ERROR]: [POST] /api/auth/register - TypeInfo not known for "AuthController"
2026-09-30 13:40:43 [ERROR]: [POST] /api/auth/login - TypeInfo not known for "AuthController"
2026-09-30 13:40:43 [ERROR]: [POST] /api/auth/login - TypeInfo not known for "AuthController"
2026-09-30 13:40:43 [ERROR]: [POST] /api/auth/register - TypeInfo not known for "AuthController"
2026-09-30 13:40:43 [ERROR]: [POST] /api/auth/register - TypeInfo not known for "AuthController"
2026-09-30 13:40:43 [ERROR]: [POST] /api/auth/register - TypeInfo not known for "AuthController"
2026-09-30 13:40:43 [ERROR]: [POST] /api/auth/register - TypeInfo not known for "AuthController"
2026-09-30 13:40:43 [ERROR]: [POST] /api/auth/login - TypeInfo not known for "AuthController"
2026-09-30 13:40:43 [ERROR]: [POST] /api/auth/register - TypeInfo not known for "AuthController"
2026-09-30 13:40:43 [ERROR]: [POST] /api/auth/register - TypeInfo not known for "AuthController"
2026-09-30 13:40:43 [ERROR]: [POST] /api/auth/register - TypeInfo not known for "AuthController"
2026-09-30 13:40:43 [ERROR]: [POST] /api/auth/login - TypeInfo not known for "AuthController"
2026-09-30 13:40:43 [ERROR]: [POST] /api/auth/register - TypeInfo not known for "AuthController"
2026-09-30 13:40:43 [ERROR]: [POST] /api/auth/register - TypeInfo not known for "AuthController"
2026-09-30 13:43:07 [ERROR]: [POST] /api/auth/login - TypeInfo not known for "AuthController"
2026-09-30 13:43:07 [ERROR]: [POST] /api/auth/login - TypeInfo not known for "AuthController"
2026-09-30 13:43:07 [ERROR]: [POST] /api/auth/register - TypeInfo not known for "AuthController"
2026-09-30 13:43:07 [ERROR]: [POST] /api/auth/register - TypeInfo not known for "AuthController"
2026-09-30 13:43:07 [ERROR]: [POST] /api/auth/register - TypeInfo not known for "AuthController"
2026-09-30 13:43:07 [ERROR]: [POST] /api/auth/register - TypeInfo not known for "AuthController"
2026-09-30 13:43:07 [ERROR]: [POST] /api/auth/register - TypeInfo not known for "AuthController"
2026-09-30 13:43:07 [ERROR]: [POST] /api/auth/register - TypeInfo not known for "AuthController"
2026-09-30 13:43:07 [ERROR]: [POST] /api/auth/register - TypeInfo not known for "AuthController"
2026-09-30 13:43:07 [ERROR]: [POST] /api/auth/register - TypeInfo not known for "AuthController"
2026-09-30 13:43:07 [ERROR]: [POST] /api/auth/register - TypeInfo not known for "AuthController"
2026-09-30 13:43:07 [ERROR]: [POST] /api/auth/login - TypeInfo not known for "AuthController"
2026-09-30 13:43:07 [ERROR]: [POST] /api/auth/login - TypeInfo not known for "AuthController"
2026-09-30 13:43:07 [ERROR]: [POST] /api/auth/login - TypeInfo not known for "AuthController"
2026-09-30 13:43:07 [ERROR]: [POST] /api/auth/register - TypeInfo not known for "AuthController"
2026-09-30 13:43:07 [ERROR]: [POST] /api/auth/register - TypeInfo not known for "AuthController"
2026-09-30 13:43:08 [ERROR]: [POST] /api/auth/login - TypeInfo not known for "AuthController"
2026-09-30 13:43:08 [ERROR]: [POST] /api/auth/register - TypeInfo not known for "AuthController"
2026-09-30 13:43:08 [ERROR]: [POST] /api/auth/register - TypeInfo not known for "AuthController"
2026-09-30 13:43:08 [ERROR]: [POST] /api/auth/register - TypeInfo not known for "AuthController"
2026-09-30 15:54:02 [ERROR]: [POST] /api/auth/login - TypeInfo not known for "AuthController"
2026-09-30 15:54:02 [ERROR]: [POST] /api/auth/login - TypeInfo not known for "AuthController"
2026-09-30 15:54:02 [ERROR]: [POST] /api/auth/register - TypeInfo not known for "AuthController"
2026-09-30 15:54:02 [ERROR]: [POST] /api/auth/register - TypeInfo not known for "AuthController"
2026-09-30 15:54:02 [ERROR]: [POST] /api/auth/register - TypeInfo not known for "AuthController"
2026-09-30 15:54:02 [ERROR]: [POST] /api/auth/register - TypeInfo not known for "AuthController"
2026-09-30 15:54:02 [ERROR]: [POST] /api/auth/login - TypeInfo not known for "AuthController"
2026-09-30 15:55:33 [ERROR]: [POST] /api/auth/login - Cannot inject the dependency "authService" at position #0 of "AuthController" constructor. Reason:
    TypeInfo not known for "AuthService"
2026-09-30 15:55:33 [ERROR]: [POST] /api/auth/login - Cannot inject the dependency "authService" at position #0 of "AuthController" constructor. Reason:
    TypeInfo not known for "AuthService"
2026-09-30 15:55:33 [ERROR]: [POST] /api/auth/register - Cannot inject the dependency "authService" at position #0 of "AuthController" constructor. Reason:
    TypeInfo not known for "AuthService"
2026-09-30 15:55:33 [ERROR]: [POST] /api/auth/register - Cannot inject the dependency "authService" at position #0 of "AuthController" constructor. Reason:
    TypeInfo not known for "AuthService"
2026-09-30 15:55:33 [ERROR]: [POST] /api/auth/register - Cannot inject the dependency "authService" at position #0 of "AuthController" constructor. Reason:
    TypeInfo not known for "AuthService"
2026-09-30 15:55:33 [ERROR]: [POST] /api/auth/register - Cannot inject the dependency "authService" at position #0 of "AuthController" constructor. Reason:
    TypeInfo not known for "AuthService"
2026-09-30 15:55:33 [ERROR]: [POST] /api/auth/login - Cannot inject the dependency "authService" at position #0 of "AuthController" constructor. Reason:
    TypeInfo not known for "AuthService"
2026-09-30 16:01:35 [ERROR]: [POST] /api/auth/login - container is not defined
2026-09-30 16:01:35 [ERROR]: [POST] /api/auth/login - container is not defined
2026-09-30 16:01:35 [ERROR]: [POST] /api/auth/register - container is not defined
2026-09-30 16:01:35 [ERROR]: [POST] /api/auth/register - container is not defined
2026-09-30 16:01:35 [ERROR]: [POST] /api/auth/register - container is not defined
2026-09-30 16:01:35 [ERROR]: [POST] /api/auth/register - container is not defined
2026-09-30 16:01:35 [ERROR]: [POST] /api/auth/login - container is not defined
2026-09-30 16:02:07 [ERROR]: [POST] /api/auth/login - TypeInfo not known for "AuthService"
2026-09-30 16:02:07 [ERROR]: [POST] /api/auth/login - TypeInfo not known for "AuthService"
2026-09-30 16:02:07 [ERROR]: [POST] /api/auth/register - TypeInfo not known for "AuthService"
2026-09-30 16:02:07 [ERROR]: [POST] /api/auth/register - TypeInfo not known for "AuthService"
2026-09-30 16:02:07 [ERROR]: [POST] /api/auth/register - TypeInfo not known for "AuthService"
2026-09-30 16:02:07 [ERROR]: [POST] /api/auth/register - TypeInfo not known for "AuthService"
2026-09-30 16:02:07 [ERROR]: [POST] /api/auth/login - TypeInfo not known for "AuthService"
2026-09-30 16:03:51 [ERROR]: [PUT] /api/users/profile - TypeInfo not known for "UserController"
2026-09-30 16:03:51 [ERROR]: [PUT] /api/users/profile - TypeInfo not known for "UserController"
2026-09-30 16:03:51 [ERROR]: [PUT] /api/users/preferences - TypeInfo not known for "UserController"
2026-09-30 16:03:51 [ERROR]: [GET] /api/admin/settings - TypeInfo not known for "AdminController"
2026-09-30 16:03:51 [ERROR]: [GET] /api/admin/matches?limit=10 - TypeInfo not known for "AdminController"
2026-09-30 16:03:51 [ERROR]: [POST] /api/reports - TypeInfo not known for "ReportController"
2026-09-30 16:03:51 [ERROR]: [GET] /api/users/leaderboard - TypeInfo not known for "UserController"
2026-09-30 16:03:51 [ERROR]: [PUT] /api/users/profile - TypeInfo not known for "UserController"
2026-09-30 16:03:51 [ERROR]: [POST] /api/reports - TypeInfo not known for "ReportController"
2026-09-30 16:03:51 [ERROR]: [POST] /api/reports - TypeInfo not known for "ReportController"
2026-09-30 16:03:51 [ERROR]: [GET] /api/admin/reports - TypeInfo not known for "AdminController"
2026-09-30 16:03:51 [ERROR]: [GET] /api/admin/users?role=user&limit=10 - TypeInfo not known for "AdminController"
2026-09-30 16:03:51 [ERROR]: [POST] /api/admin/users/9ebfe644-ddb0-47e1-acde-6a8e5e6da101/ban - TypeInfo not known for "AdminController"
2026-09-30 16:03:51 [ERROR]: [POST] /api/admin/users/9ebfe644-ddb0-47e1-acde-6a8e5e6da101/unban - TypeInfo not known for "AdminController"
2026-09-30 16:03:51 [ERROR]: [GET] /api/admin/settings - TypeInfo not known for "AdminController"
2026-09-30 16:03:51 [ERROR]: [GET] /api/admin/metrics - TypeInfo not known for "AdminController"
2026-09-30 16:03:51 [ERROR]: [PUT] /api/users/preferences - TypeInfo not known for "UserController"
2026-09-30 16:06:11 [ERROR]: [POST] /api/reports - TypeInfo not known for "ReportService"
2026-09-30 16:06:11 [ERROR]: [GET] /api/admin/settings - TypeInfo not known for "AdminService"
2026-09-30 16:06:11 [ERROR]: [GET] /api/admin/matches?limit=10 - TypeInfo not known for "AdminService"
2026-09-30 16:06:11 [ERROR]: [POST] /api/reports - TypeInfo not known for "ReportService"
2026-09-30 16:06:11 [ERROR]: [POST] /api/reports - TypeInfo not known for "ReportService"
2026-09-30 16:06:11 [ERROR]: [GET] /api/admin/settings - TypeInfo not known for "AdminService"
2026-09-30 16:06:11 [ERROR]: [GET] /api/admin/metrics - TypeInfo not known for "AdminService"
2026-09-30 16:06:11 [ERROR]: [GET] /api/admin/reports - TypeInfo not known for "AdminService"
2026-09-30 16:06:11 [ERROR]: [GET] /api/admin/users?role=user&limit=10 - TypeInfo not known for "AdminService"
2026-09-30 16:06:11 [ERROR]: [POST] /api/admin/users/88596db1-6d03-4d36-b637-f4a406cf68b5/ban - TypeInfo not known for "AdminService"
2026-09-30 16:06:11 [ERROR]: [POST] /api/admin/users/88596db1-6d03-4d36-b637-f4a406cf68b5/unban - TypeInfo not known for "AdminService"
2026-10-01 11:21:18 [ERROR]: [POST] /api/reports - TypeInfo not known for "ReportService"
2026-10-01 11:21:18 [ERROR]: [GET] /api/admin/reports - TypeInfo not known for "AdminService"
2026-10-01 11:21:18 [ERROR]: [GET] /api/admin/users?role=user&limit=10 - TypeInfo not known for "AdminService"
2026-10-01 11:21:19 [ERROR]: [POST] /api/admin/users/272c1628-17ce-4ec0-9e1d-0977e5ebd333/ban - TypeInfo not known for "AdminService"
2026-10-01 11:21:19 [ERROR]: [POST] /api/admin/users/272c1628-17ce-4ec0-9e1d-0977e5ebd333/unban - TypeInfo not known for "AdminService"
2026-10-01 11:31:34 [ERROR]: [GET] /api/admin/settings - TypeInfo not known for "AdminService"
2026-10-01 11:31:34 [ERROR]: [PUT] /api/admin/settings - TypeInfo not known for "AdminService"
2026-10-01 11:31:34 [ERROR]: [PUT] /api/admin/settings - TypeInfo not known for "AdminService"
2026-10-01 11:31:34 [ERROR]: [PUT] /api/admin/settings - TypeInfo not known for "AdminService"
2026-10-01 11:31:34 [ERROR]: [PUT] /api/admin/settings - TypeInfo not known for "AdminService"
2026-10-01 11:32:43 [ERROR]: [GET] /api/admin/settings - TypeInfo not known for "AdminService"
2026-10-01 11:32:43 [ERROR]: [PUT] /api/admin/settings - TypeInfo not known for "AdminService"
2026-10-01 11:32:43 [ERROR]: [PUT] /api/admin/settings - TypeInfo not known for "AdminService"
2026-10-01 11:32:43 [ERROR]: [PUT] /api/admin/settings - TypeInfo not known for "AdminService"
2026-10-01 11:32:43 [ERROR]: [PUT] /api/admin/settings - TypeInfo not known for "AdminService"
2026-10-01 11:40:00 [ERROR]: [POST] /api/reports - TypeInfo not known for "ReportService"
2026-10-01 11:40:00 [ERROR]: [PUT] /api/reports/3a0ea211-0059-4c71-b52e-e57c118eb476/status - TypeInfo not known for "ReportService"
2026-10-01 11:40:09 [ERROR]: [POST] /api/reports - TypeInfo not known for "ReportService"
2026-10-01 11:40:11 [ERROR]: [POST] /api/reports - TypeInfo not known for "ReportService"
2026-10-01 11:42:55 [ERROR]: [POST] /api/reports - TypeInfo not known for "ReportService"
2026-10-01 11:42:55 [ERROR]: [PUT] /api/reports/3a0ea211-0059-4c71-b52e-e57c118eb476/status - TypeInfo not known for "ReportService"
2026-10-01 11:43:48 [ERROR]: [POST] /api/reports - TypeInfo not known for "ReportService"
2026-10-01 11:43:48 [ERROR]: [PUT] /api/reports/3a0ea211-0059-4c71-b52e-e57c118eb476/status - TypeInfo not known for "ReportService"
